ASxxxx Linker V03.00 + NoICE + sdld,  page 1.
Hexadecimal  [32-Bits]

Area                                    Addr        Size        Decimal Bytes (Attributes)
--------------------------------        ----        ----        ------- ----- ------------
CABS                                00000000    00000000 =           0. bytes (ABS,CON,CODE)

      Value  Global                              Global Defined In Module
      -----  --------------------------------   ------------------------
C:   00000000  l_CABS                          
C:   00000000  l_GSINIT1                       
C:   00000000  l_GSINIT3                       
C:   00000000  l_GSINIT5                       
C:   00000000  l_IABS                          
C:   00000000  l_ISEG                          
C:   00000000  l_PSEG                          
C:   00000000  l_REG_BANK_1                    
C:   00000000  l_REG_BANK_2                    
C:   00000000  l_REG_BANK_3                    
C:   00000000  l_RSEG                          
C:   00000000  l_RSEG0                         
C:   00000000  l_RSEG1                         
C:   00000000  l_XABS                          
C:   00000000  l_XINIT                         
C:   00000000  l_XISEG                         
C:   00000000  l__CODE                         
C:   00000000  s_BSEG                          
C:   00000000  s_CABS                          
C:   00000000  s_DSEG                          
C:   00000000  s_HOME                          
C:   00000000  s_IABS                          
C:   00000000  s_ISEG                          
C:   00000000  s_REG_BANK_0                    
C:   00000000  s_RSEG                          
C:   00000000  s_RSEG0                         
C:   00000000  s_RSEG1                         
C:   00000000  s_XABS                          
C:   00000001  l_BIT_BANK                      
C:   00000001  l_BSEG_BYTES                    
C:   00000001  l_OSEG                          
C:   00000003  l_BSEG                          
C:   00000003  l_GSFINAL                       
C:   00000003  l_GSINIT0                       
C:   00000006  l_GSINIT4                       
C:   00000008  l_REG_BANK_0                    
C:   00000008  s_REG_BANK_1                    
C:   0000000A  l_GSINIT2                       
C:   00000010  s_REG_BANK_2                    
C:   00000013  s_OSEG                          
C:   00000014  l_XSEG                          
C:   00000018  s_REG_BANK_3                    
C:   00000020  s_BSEG_BYTES                    
C:   00000020  s__CODE                         
C:   00000021  s_BIT_BANK                      
C:   00000022  s_SSEG                          
C:   00000049  l_HOME                          
C:   00000049  s_GSINIT0                       
C:   0000004C  s_GSINIT1                       
C:   0000004C  s_GSINIT2                       
ASxxxx Linker V03.00 + NoICE + sdld,  page 2.
Hexadecimal  [32-Bits]

Area                                    Addr        Size        Decimal Bytes (Attributes)
--------------------------------        ----        ----        ------- ----- ------------
CABS                                00000000    00000000 =           0. bytes (ABS,CON,CODE)

      Value  Global                              Global Defined In Module
      -----  --------------------------------   ------------------------
C:   00000056  s_GSINIT3                       
C:   00000056  s_GSINIT4                       
C:   0000005C  s_GSINIT                        
C:   0000005C  s_GSINIT5                       
C:   0000005E  l_GSINIT                        
C:   00000074  l_DSEG                          
C:   000000BA  s_GSFINAL                       
C:   000000BD  s_CSEG                          
C:   000000DE  l_SSEG                          
C:   00000100  l_IRAM                          
C:   00000100  s_PSEG                          
C:   00000100  s_XSEG                          
C:   00000114  s_XISEG                         
C:   000001F4  l_CONST                         
C:   00000854  l_CSEG                          
C:   00000911  s_CONST                         
C:   00000B05  s_XINIT                         

ASxxxx Linker V03.00 + NoICE + sdld,  page 3.
Hexadecimal  [32-Bits]

Area                                    Addr        Size        Decimal Bytes (Attributes)
--------------------------------        ----        ----        ------- ----- ------------
.  .ABS.                            00000000    00000000 =           0. bytes (ABS,CON)

      Value  Global                              Global Defined In Module
      -----  --------------------------------   ------------------------
     00000000  .__.ABS.                           _startup
     00000000  _EP0_buffer                        usb_hid
     0000000A  _EP1_buffer                        usb_hid
     00000014  _EP2_buffer                        usb_hid
     00000080  _ADC_CHAN0                         usb_hid
     00000080  _ADC_CTRL                          usb_hid
     00000081  _ADC_CHAN1                         usb_hid
     00000081  _SP                                usb_hid
     00000082  _DPL                               usb_hid
     00000083  _CMP_CHAN                          usb_hid
     00000083  _DPH                               usb_hid
     00000084  _ADC_START                         usb_hid
     00000084  _ROM_ADDR_L                        usb_hid
     00000085  _ADC_IF                            usb_hid
     00000085  _ROM_ADDR_H                        usb_hid
     00000086  _CMP_IF                            usb_hid
     00000086  _ROM_CTRL                          usb_hid
     00000087  _CMPO                              usb_hid
     00000087  _PCON                              usb_hid
     00000088  _IT0                               usb_hid
     00000088  _TCON                              usb_hid
     00000089  _IE0                               usb_hid
     00000089  _TMOD                              usb_hid
     0000008A  _IT1                               usb_hid
     0000008A  _TL0                               usb_hid
     0000008B  _IE1                               usb_hid
     0000008B  _TL1                               usb_hid
     0000008C  _TH0                               usb_hid
     0000008C  _TR0                               usb_hid
     0000008D  _TF0                               usb_hid
     0000008D  _TH1                               usb_hid
     0000008E  _ROM_DATA_L                        usb_hid
     0000008E  _TR1                               usb_hid
     0000008F  _ROM_DATA_H                        usb_hid
     0000008F  _TF1                               usb_hid
     00000090  _CAP1                              usb_hid
     00000090  _P1                                usb_hid
     00000090  _PP10                              neo
     00000090  _T2                                usb_hid
     00000090  _TIN0                              usb_hid
     00000091  _AIN0                              usb_hid
     00000091  _CAP2                              usb_hid
     00000091  _PP11                              neo
     00000091  _T2EX                              usb_hid
     00000091  _TIN1                              usb_hid
     00000091  _USB_C_CTRL                        usb_hid
     00000091  _VBUS2                             usb_hid
     00000092  _P1_MOD_OC                         usb_hid
     00000092  _PP12                              neo
     00000092  _RXD_                              usb_hid
ASxxxx Linker V03.00 + NoICE + sdld,  page 4.
Hexadecimal  [32-Bits]

Area                                    Addr        Size        Decimal Bytes (Attributes)
--------------------------------        ----        ----        ------- ----- ------------
.  .ABS.                            00000000    00000000 =           0. bytes (ABS,CON)

      Value  Global                              Global Defined In Module
      -----  --------------------------------   ------------------------
     00000093  _P1_DIR_PU                         usb_hid
     00000093  _PP13                              neo
     00000093  _TXD_                              usb_hid
     00000094  _AIN1                              usb_hid
     00000094  _CAP1_                             usb_hid
     00000094  _PP14                              neo
     00000094  _SCS                               usb_hid
     00000094  _T2_                               usb_hid
     00000094  _TIN2                              usb_hid
     00000094  _UCC1                              usb_hid
     00000095  _AIN2                              usb_hid
     00000095  _MOSI                              usb_hid
     00000095  _PP15                              neo
     00000095  _PWM1                              usb_hid
     00000095  _TIN3                              usb_hid
     00000095  _UCC2                              usb_hid
     00000096  _MISO                              usb_hid
     00000096  _P3_MOD_OC                         usb_hid
     00000096  _PP16                              neo
     00000096  _RXD1                              usb_hid
     00000096  _TIN4                              usb_hid
     00000097  _P3_DIR_PU                         usb_hid
     00000097  _PP17                              neo
     00000097  _SCK                               usb_hid
     00000097  _TIN5                              usb_hid
     00000097  _TXD1                              usb_hid
     00000098  _RI                                usb_hid
     00000098  _SCON                              usb_hid
     00000099  _SBUF                              usb_hid
     00000099  _TI                                usb_hid
     0000009A  _ADC_CFG                           usb_hid
     0000009A  _RB8                               usb_hid
     0000009B  _PWM_DATA2                         usb_hid
     0000009B  _TB8                               usb_hid
     0000009C  _PWM_DATA1                         usb_hid
     0000009C  _REN                               usb_hid
     0000009D  _PWM_CTRL                          usb_hid
     0000009D  _SM2                               usb_hid
     0000009E  _PWM_CK_SE                         usb_hid
     0000009E  _SM1                               usb_hid
     0000009F  _ADC_DATA                          usb_hid
     0000009F  _SM0                               usb_hid
     000000A0  _P2                                usb_hid
     000000A1  _SAFE_MOD                          usb_hid
     000000A2  _XBUS_AUX                          usb_hid
     000000A8  _EX0                               usb_hid
     000000A8  _IE                                usb_hid
     000000A9  _ET0                               usb_hid
     000000A9  _WAKE_CTRL                         usb_hid
     000000AA  _EX1                               usb_hid
     000000AB  _ET1                               usb_hid
ASxxxx Linker V03.00 + NoICE + sdld,  page 5.
Hexadecimal  [32-Bits]

Area                                    Addr        Size        Decimal Bytes (Attributes)
--------------------------------        ----        ----        ------- ----- ------------
.  .ABS.                            00000000    00000000 =           0. bytes (ABS,CON)

      Value  Global                              Global Defined In Module
      -----  --------------------------------   ------------------------
     000000AC  _ES                                usb_hid
     000000AD  _ET2                               usb_hid
     000000AE  _E_DIS                             usb_hid
     000000AF  _EA                                usb_hid
     000000B0  _P3                                usb_hid
     000000B0  _PP30                              neo
     000000B0  _PWM1_                             usb_hid
     000000B0  _RXD                               usb_hid
     000000B1  _GLOBAL_CFG                        usb_hid
     000000B1  _PP31                              neo
     000000B1  _PWM2_                             usb_hid
     000000B1  _TXD                               usb_hid
     000000B2  _AIN3                              usb_hid
     000000B2  _INT0                              usb_hid
     000000B2  _PP32                              neo
     000000B2  _TXD1_                             usb_hid
     000000B2  _VBUS1                             usb_hid
     000000B3  _INT1                              usb_hid
     000000B3  _PP33                              neo
     000000B4  _PP34                              neo
     000000B4  _PWM2                              usb_hid
     000000B4  _RXD1_                             usb_hid
     000000B4  _T0                                usb_hid
     000000B5  _PP35                              neo
     000000B5  _T1                                usb_hid
     000000B6  _PP36                              neo
     000000B6  _UDP                               usb_hid
     000000B7  _PP37                              neo
     000000B7  _UDM                               usb_hid
     000000B8  _IP                                usb_hid
     000000B8  _PX0                               usb_hid
     000000B9  _CLOCK_CFG                         usb_hid
     000000B9  _PT0                               usb_hid
     000000BA  _PX1                               usb_hid
     000000BB  _PT1                               usb_hid
     000000BC  _PS                                usb_hid
     000000BD  _PT2                               usb_hid
     000000BE  _PL_FLAG                           usb_hid
     000000BF  _PH_FLAG                           usb_hid
     000000C0  _SCON1                             usb_hid
     000000C0  _U1RI                              usb_hid
     000000C1  _SBUF1                             usb_hid
     000000C1  _U1TI                              usb_hid
     000000C2  _SBAUD1                            usb_hid
     000000C2  _U1RB8                             usb_hid
     000000C3  _TKEY_CTRL                         usb_hid
     000000C3  _U1TB8                             usb_hid
     000000C4  _TKEY_DATL                         usb_hid
     000000C4  _U1REN                             usb_hid
     000000C5  _TKEY_DATH                         usb_hid
     000000C5  _U1SMOD                            usb_hid
ASxxxx Linker V03.00 + NoICE + sdld,  page 6.
Hexadecimal  [32-Bits]

Area                                    Addr        Size        Decimal Bytes (Attributes)
--------------------------------        ----        ----        ------- ----- ------------
.  .ABS.                            00000000    00000000 =           0. bytes (ABS,CON)

      Value  Global                              Global Defined In Module
      -----  --------------------------------   ------------------------
     000000C6  _PIN_FUNC                          usb_hid
     000000C7  _GPIO_IE                           usb_hid
     000000C7  _U1SM0                             usb_hid
     000000C8  _CP_RL2                            usb_hid
     000000C8  _T2CON                             usb_hid
     000000C9  _C_T2                              usb_hid
     000000C9  _T2MOD                             usb_hid
     000000CA  _RCAP2L                            usb_hid
     000000CA  _TR2                               usb_hid
     000000CB  _EXEN2                             usb_hid
     000000CB  _RCAP2H                            usb_hid
     000000CC  _TCLK                              usb_hid
     000000CC  _TL2                               usb_hid
     000000CD  _RCLK                              usb_hid
     000000CD  _TH2                               usb_hid
     000000CE  _EXF2                              usb_hid
     000000CE  _T2CAP1L                           usb_hid
     000000CF  _CAP1F                             usb_hid
     000000CF  _T2CAP1H                           usb_hid
     000000CF  _TF2                               usb_hid
     000000D0  _P                                 usb_hid
     000000D0  _PSW                               usb_hid
     000000D1  _F1                                usb_hid
     000000D1  _UDEV_CTRL                         usb_hid
     000000D2  _OV                                usb_hid
     000000D2  _UEP1_CTRL                         usb_hid
     000000D3  _RS0                               usb_hid
     000000D3  _UEP1_T_LEN                        usb_hid
     000000D4  _RS1                               usb_hid
     000000D4  _UEP2_CTRL                         usb_hid
     000000D5  _F0                                usb_hid
     000000D5  _UEP2_T_LEN                        usb_hid
     000000D6  _AC                                usb_hid
     000000D6  _UEP3_CTRL                         usb_hid
     000000D7  _CY                                usb_hid
     000000D7  _UEP3_T_LEN                        usb_hid
     000000D8  _UIF_BUS_RST                       usb_hid
     000000D8  _UIF_DETECT                        usb_hid
     000000D8  _USB_INT_FG                        usb_hid
     000000D9  _UIF_TRANSFER                      usb_hid
     000000D9  _USB_INT_ST                        usb_hid
     000000DA  _UIF_SUSPEND                       usb_hid
     000000DA  _USB_MIS_ST                        usb_hid
     000000DB  _UIF_HST_SOF                       usb_hid
     000000DB  _USB_RX_LEN                        usb_hid
     000000DC  _UEP0_CTRL                         usb_hid
     000000DC  _UIF_FIFO_OV                       usb_hid
     000000DD  _UEP0_T_LEN                        usb_hid
     000000DD  _U_SIE_FREE                        usb_hid
     000000DE  _UEP4_CTRL                         usb_hid
     000000DE  _U_TOG_OK                          usb_hid
ASxxxx Linker V03.00 + NoICE + sdld,  page 7.
Hexadecimal  [32-Bits]

Area                                    Addr        Size        Decimal Bytes (Attributes)
--------------------------------        ----        ----        ------- ----- ------------
.  .ABS.                            00000000    00000000 =           0. bytes (ABS,CON)

      Value  Global                              Global Defined In Module
      -----  --------------------------------   ------------------------
     000000DF  _UEP4_T_LEN                        usb_hid
     000000DF  _U_IS_NAK                          usb_hid
     000000E0  _ACC                               usb_hid
     000000E1  _USB_INT_EN                        usb_hid
     000000E2  _USB_CTRL                          usb_hid
     000000E3  _USB_DEV_AD                        usb_hid
     000000E4  _UEP2_DMA_L                        usb_hid
     000000E5  _UEP2_DMA_H                        usb_hid
     000000E6  _UEP3_DMA_L                        usb_hid
     000000E7  _UEP3_DMA_H                        usb_hid
     000000E8  _IE_EX                             usb_hid
     000000E8  _IE_SPI0                           usb_hid
     000000E9  _IE_TKEY                           usb_hid
     000000E9  _IP_EX                             usb_hid
     000000EA  _IE_USB                            usb_hid
     000000EA  _UEP4_1_MOD                        usb_hid
     000000EB  _IE_ADC                            usb_hid
     000000EB  _UEP2_3_MOD                        usb_hid
     000000EC  _IE_UART1                          usb_hid
     000000EC  _UEP0_DMA_L                        usb_hid
     000000ED  _IE_PWMX                           usb_hid
     000000ED  _UEP0_DMA_H                        usb_hid
     000000EE  _IE_GPIO                           usb_hid
     000000EE  _UEP1_DMA_L                        usb_hid
     000000EF  _IE_WDOG                           usb_hid
     000000EF  _UEP1_DMA_H                        usb_hid
     000000F0  _B                                 usb_hid
     000000F5  _B_5                               _gptrget
     000000F6  _B_6                               _gptrget
     000000F7  _B_7                               _gptrget
     000000F8  _S0_R_FIFO                         usb_hid
     000000F8  _SPI0_STAT                         usb_hid
     000000F9  _SPI0_DATA                         usb_hid
     000000FA  _S0_T_FIFO                         usb_hid
     000000FA  _SPI0_CTRL                         usb_hid
     000000FB  _S0_FREE                           usb_hid
     000000FB  _SPI0_CK_SE                        usb_hid
     000000FC  _S0_IF_BYTE                        usb_hid
     000000FC  _SPI0_SETUP                        usb_hid
     000000FD  _S0_IF_FIRST                       usb_hid
     000000FE  _RESET_KEEP                        usb_hid
     000000FE  _S0_IF_OV                          usb_hid
     000000FF  _S0_FST_ACT                        usb_hid
     000000FF  _WDOG_COUNT                        usb_hid
     00008584  _ROM_ADDR                          usb_hid
     00008F8E  _ROM_DATA                          usb_hid
     0000C5C4  _TKEY_DAT                          usb_hid
     0000CBCA  _RCAP2                             usb_hid
     0000CDCC  _T2COUNT                           usb_hid
     0000CFCE  _T2CAP1                            usb_hid
     0000E5E4  _UEP2_DMA                          usb_hid
ASxxxx Linker V03.00 + NoICE + sdld,  page 8.
Hexadecimal  [32-Bits]

Area                                    Addr        Size        Decimal Bytes (Attributes)
--------------------------------        ----        ----        ------- ----- ------------
.  .ABS.                            00000000    00000000 =           0. bytes (ABS,CON)

      Value  Global                              Global Defined In Module
      -----  --------------------------------   ------------------------
     0000E7E6  _UEP3_DMA                          usb_hid
     0000EDEC  _UEP0_DMA                          usb_hid
     0000EFEE  _UEP1_DMA                          usb_hid

ASxxxx Linker V03.00 + NoICE + sdld,  page 9.
Hexadecimal  [32-Bits]

Area                                    Addr        Size        Decimal Bytes (Attributes)
--------------------------------        ----        ----        ------- ----- ------------
BSEG_BYTES                          00000020    00000001 =           1. bytes (REL,CON)

      Value  Global                              Global Defined In Module
      -----  --------------------------------   ------------------------
ASxxxx Linker V03.00 + NoICE + sdld,  page 10.
Hexadecimal  [32-Bits]

Area                                    Addr        Size        Decimal Bytes (Attributes)
--------------------------------        ----        ----        ------- ----- ------------
REG_BANK_0                          00000000    00000008 =           8. bytes (REL,OVR)

      Value  Global                              Global Defined In Module
      -----  --------------------------------   ------------------------
ASxxxx Linker V03.00 + NoICE + sdld,  page 11.
Hexadecimal  [32-Bits]

Area                                    Addr        Size        Decimal Bytes (Attributes)
--------------------------------        ----        ----        ------- ----- ------------
BIT_BANK                            00000021    00000001 =           1. bytes (REL,OVR)

      Value  Global                              Global Defined In Module
      -----  --------------------------------   ------------------------
ASxxxx Linker V03.00 + NoICE + sdld,  page 12.
Hexadecimal  [32-Bits]

Area                                    Addr        Size        Decimal Bytes (Attributes)
--------------------------------        ----        ----        ------- ----- ------------
DSEG                                00000000    00000074 =         116. bytes (REL,CON)

      Value  Global                              Global Defined In Module
      -----  --------------------------------   ------------------------
     00000008  _NEO_writeColor_PARM_2             neo
     00000009  _NEO_writeColor_PARM_3             neo
     0000000A  _NEO_writeHue_PARM_2               neo
     0000000B  _MOUSE_move_PARM_2                 usb_composite
     0000000C  _JOY_move_PARM_2                   usb_composite
     0000000D  _SetupLen                          usb_handler
     0000000F  _SetupReq                          usb_handler
     00000010  _UsbConfig                         usb_handler
     00000011  _pDescr                            usb_handler
ASxxxx Linker V03.00 + NoICE + sdld,  page 13.
Hexadecimal  [32-Bits]

Area                                    Addr        Size        Decimal Bytes (Attributes)
--------------------------------        ----        ----        ------- ----- ------------
OSEG                                00000013    00000001 =           1. bytes (REL,OVR)

      Value  Global                              Global Defined In Module
      -----  --------------------------------   ------------------------
     00000013  _HID_sendReport_PARM_2             usb_hid

ASxxxx Linker V03.00 + NoICE + sdld,  page 14.
Hexadecimal  [32-Bits]

Area                                    Addr        Size        Decimal Bytes (Attributes)
--------------------------------        ----        ----        ------- ----- ------------
SSEG                                00000022    000000DE =         222. bytes (REL,OVR)

      Value  Global                              Global Defined In Module
      -----  --------------------------------   ------------------------
     00000022  __start__stack                     main

ASxxxx Linker V03.00 + NoICE + sdld,  page 15.
Hexadecimal  [32-Bits]

Area                                    Addr        Size        Decimal Bytes (Attributes)
--------------------------------        ----        ----        ------- ----- ------------
XSEG                                00000100    00000014 =          20. bytes (REL,CON,XDATA)

      Value  Global                              Global Defined In Module
      -----  --------------------------------   ------------------------
D:   00000100  _KBD_report                        usb_composite
D:   00000108  _CON_report                        usb_composite
D:   0000010B  _MOUSE_report                      usb_composite
D:   00000110  _JOY_report                        usb_composite

ASxxxx Linker V03.00 + NoICE + sdld,  page 16.
Hexadecimal  [32-Bits]

Area                                    Addr        Size        Decimal Bytes (Attributes)
--------------------------------        ----        ----        ------- ----- ------------
HOME                                00000000    00000049 =          73. bytes (REL,CON,CODE)

      Value  Global                              Global Defined In Module
      -----  --------------------------------   ------------------------
C:   00000046  __sdcc_program_startup             main

ASxxxx Linker V03.00 + NoICE + sdld,  page 17.
Hexadecimal  [32-Bits]

Area                                    Addr        Size        Decimal Bytes (Attributes)
--------------------------------        ----        ----        ------- ----- ------------
GSINIT0                             00000049    00000003 =           3. bytes (REL,CON,CODE)

      Value  Global                              Global Defined In Module
      -----  --------------------------------   ------------------------
C:   00000049  __sdcc_gsinit_startup              

ASxxxx Linker V03.00 + NoICE + sdld,  page 18.
Hexadecimal  [32-Bits]

Area                                    Addr        Size        Decimal Bytes (Attributes)
--------------------------------        ----        ----        ------- ----- ------------
GSINIT2                             0000004C    0000000A =          10. bytes (REL,CON,CODE)

      Value  Global                              Global Defined In Module
      -----  --------------------------------   ------------------------
ASxxxx Linker V03.00 + NoICE + sdld,  page 19.
Hexadecimal  [32-Bits]

Area                                    Addr        Size        Decimal Bytes (Attributes)
--------------------------------        ----        ----        ------- ----- ------------
GSINIT4                             00000056    00000006 =           6. bytes (REL,CON,CODE)

      Value  Global                              Global Defined In Module
      -----  --------------------------------   ------------------------
C:   00000056  __mcs51_genRAMCLEAR                

ASxxxx Linker V03.00 + NoICE + sdld,  page 20.
Hexadecimal  [32-Bits]

Area                                    Addr        Size        Decimal Bytes (Attributes)
--------------------------------        ----        ----        ------- ----- ------------
GSINIT                              0000005C    0000005E =          94. bytes (REL,CON,CODE)

      Value  Global                              Global Defined In Module
      -----  --------------------------------   ------------------------
ASxxxx Linker V03.00 + NoICE + sdld,  page 21.
Hexadecimal  [32-Bits]

Area                                    Addr        Size        Decimal Bytes (Attributes)
--------------------------------        ----        ----        ------- ----- ------------
GSFINAL                             000000BA    00000003 =           3. bytes (REL,CON,CODE)

      Value  Global                              Global Defined In Module
      -----  --------------------------------   ------------------------
ASxxxx Linker V03.00 + NoICE + sdld,  page 22.
Hexadecimal  [32-Bits]

Area                                    Addr        Size        Decimal Bytes (Attributes)
--------------------------------        ----        ----        ------- ----- ------------
CSEG                                000000BD    00000854 =        2132. bytes (REL,CON,CODE)

      Value  Global                              Global Defined In Module
      -----  --------------------------------   ------------------------
C:   000000BD  _USB_ISR                           main
C:   000000FC  _main                              main
C:   00000196  _DLY_us                            delay
C:   000001B5  _DLY_ms                            delay
C:   000001D3  __delay_more_cycles                delay
C:   000001DD  _NEO_sendByte                      neo
C:   000001F3  _NEO_writeColor                    neo
C:   0000020A  _NEO_writeHue                      neo
C:   00000264  _KBD_press                         usb_composite
C:   000002F2  _KBD_release                       usb_composite
C:   00000369  _KBD_type                          usb_composite
C:   00000377  _KBD_releaseAll                    usb_composite
C:   00000390  _KBD_print                         usb_composite
C:   000003BB  _CON_press                         usb_composite
C:   000003CB  _CON_release                       usb_composite
C:   000003D9  _CON_type                          usb_composite
C:   000003DF  _MOUSE_press                       usb_composite
C:   000003F5  _MOUSE_release                     usb_composite
C:   0000040E  _MOUSE_move                        usb_composite
C:   0000042F  _MOUSE_wheel                       usb_composite
C:   00000445  _JOY_press                         usb_composite
C:   0000045B  _JOY_release                       usb_composite
C:   00000474  _JOY_move                          usb_composite
C:   0000048B  _USB_EP0_copyDescr                 usb_handler
C:   000004A5  _USB_EP0_SETUP                     usb_handler
C:   00000781  _USB_EP0_IN                        usb_handler
C:   000007E3  _USB_EP0_OUT                       usb_handler
C:   000007EA  _USB_interrupt                     usb_handler
C:   00000868  _USB_init                          usb_handler
C:   00000887  _HID_init                          usb_hid
C:   0000088E  _HID_sendReport                    usb_hid
C:   000008C0  _HID_setup                         usb_hid
C:   000008D9  _HID_reset                         usb_hid
C:   000008E2  _HID_EP1_IN                        usb_hid
C:   000008F0  _HID_EP2_OUT                       usb_hid
C:   000008F1  __gptrget                          _gptrget
C:   0000090D  __sdcc_external_startup            _startup

ASxxxx Linker V03.00 + NoICE + sdld,  page 23.
Hexadecimal  [32-Bits]

Area                                    Addr        Size        Decimal Bytes (Attributes)
--------------------------------        ----        ----        ------- ----- ------------
CONST                               00000911    000001F4 =         500. bytes (REL,CON,CODE)

      Value  Global                              Global Defined In Module
      -----  --------------------------------   ------------------------
C:   00000922  _KBD_map                           usb_composite
C:   000009A2  _DevDescr                          usb_descr
C:   000009B4  _CfgDescr                          usb_descr
C:   000009DD  _ReportDescr                       usb_descr
C:   00000A9C  _ReportDescrLen                    usb_descr
C:   00000A9D  _LangDescr                         usb_descr
C:   00000AA1  _ManufDescr                        usb_descr
C:   00000ABD  _ProdDescr                         usb_descr
C:   00000AD7  _SerDescr                          usb_descr
C:   00000AEB  _InterfDescr                       usb_descr

ASxxxx Linker V03.00 + NoICE + sdld,  page 24.

Files Linked                              [ module(s) ]

build/main.rel                            [  ]
build/delay.rel                           [  ]
build/neo.rel                             [  ]
build/usb_composite.rel                   [  ]
build/usb_descr.rel                       [  ]
build/usb_handler.rel                     [  ]
build/usb_hid.rel                         [  ]


Libraries Linked                          [ object file ]

/usr/bin/../share/sdcc/lib/small/mcs51.lib
                                          [ crtclear.rel ]
/usr/bin/../share/sdcc/lib/small/mcs51.lib
                                          [ crtstart.rel ]
/usr/bin/../share/sdcc/lib/small/libsdcc.lib
                                          [ _gptrget.rel ]
/usr/bin/../share/sdcc/lib/small/libsdcc.lib
                                          [ _startup.rel ]

ASxxxx Linker V03.00 + NoICE + sdld,  page 25.

User Base Address Definitions

HOME = 0x0000
XSEG = 0x0100
PSEG = 0x0100
ISEG = 0x0000
BSEG = 0x0000

